<tr>
<td>out.sdimacs</td>
<td>20</td>
<td>29</td>
<td>0</td>
<td>0.00025</td>
<td>UNSAT</td>
</tr>
<tr>
<td>out.sdimacs</td>
<td>5725</td>
<td>12052</td>
<td>98</td>
<td>0.015387</td>
<td>UNSAT</td>
</tr>
<tr>
<td>out.sdimacs</td>
<td>5725</td>
<td>12052</td>
<td>98</td>
<td>0.017009</td>
<td>UNSAT</td>
</tr>
<tr>
<td>out.sdimacs</td>
<td>7689</td>
<td>24716</td>
<td>11294</td>
<td>0.913345</td>
<td>UNSAT</td>
</tr>
<tr>
<td>out.sdimacs</td>
<td>7689</td>
<td>24716</td>
<td>11294</td>
<td>0.880473</td>
<td>UNSAT</td>
</tr>
<tr>
<td>out.sdimacs</td>
<td>7689</td>
<td>24716</td>
<td>11294</td>
<td>0.87376</td>
<td>UNSAT</td>
</tr>
<tr>
<td>out.sdimacs</td>
<td>7689</td>
<td>24716</td>
<td>11294</td>
<td>0.893276</td>
<td>UNSAT</td>
</tr>
<tr>
<td>out.sdimacs</td>
<td>7689</td>
<td>24716</td>
<td>11294</td>
<td>0.883726</td>
<td>UNSAT</td>
</tr>
<tr>
<td>out_pre.sdimacs</td>
<td>4</td>
<td>6</td>
<td>2</td>
<td>0.010401</td>
<td>UNSAT</td>
</tr>
<tr>
<td>out_pre.sdimacs</td>
<td>4</td>
<td>6</td>
<td>2</td>
<td>0.007548</td>
<td>UNSAT</td>
</tr>
<tr>
<td>out_pre.sdimacs</td>
<td>263</td>
<td>2672</td>
<td>18200</td>
<td>0.453421</td>
<td>UNSAT</td>
</tr>
<tr>
<td>out_pre.sdimacs</td>
<td>263</td>
<td>2672</td>
<td>18200</td>
<td>0.46646</td>
<td>UNSAT</td>
</tr>
<tr>
<td>out.sdimacs</td>
<td>7875</td>
<td>17623</td>
<td>4599</td>
<td>0.315388</td>
<td>UNSAT</td>
</tr>
<tr>
<td>out.sdimacs</td>
<td>8070</td>
<td>25390</td>
<td>11297</td>
<td>0.941202</td>
<td>UNSAT</td>
</tr>
<tr>
<td>out.sdimacs</td>
<td>3774</td>
<td>6398</td>
<td>80</td>
<td>0.008183</td>
<td>UNSAT</td>
</tr>
<tr>
<td>out.sdimacs</td>
<td>6242</td>
<td>16074</td>
<td>978</td>
<td>0.110403</td>
<td>UNSAT</td>
</tr>
<tr>
<td>out.sdimacs</td>
<td>5710</td>
<td>13316</td>
<td>329</td>
<td>0.042839</td>
<td>UNSAT</td>
</tr>
<tr>
<td>out.sdimacs</td>
<td>4977</td>
<td>10550</td>
<td>182</td>
<td>0.021038</td>
<td>UNSAT</td>
</tr>
<tr>
<td>out_pre.sdimacs</td>
<td>417</td>
<td>2935</td>
<td>90805</td>
<td>3.70192</td>
<td>UNSAT</td>
</tr>
<tr>
<td>out.sdimacs</td>
<td>7777</td>
<td>16235</td>
<td>62428</td>
<td>4.75261</td>
<td>UNSAT</td>
</tr>
<tr>
<td>out_pre.sdimacs</td>
<td>417</td>
<td>2935</td>
<td>90805</td>
<td>3.69488</td>
<td>UNSAT</td>
</tr>
<tr>
<td>out_pre.sdimacs</td>
<td>7534</td>
<td>75568</td>
<td>17002</td>
<td>9.74091</td>
<td>UNSAT</td>
</tr>
<tr>
<td>out_pre.sdimacs</td>
<td>7534</td>
<td>75568</td>
<td>17002</td>
<td>10.2381</td>
<td>UNSAT</td>
</tr>
<tr>
<td>out.sdimacs</td>
<td>42451</td>
<td>241195</td>
<td>0</td>
<td>0.119306</td>
<td>UNSAT</td>
</tr>
<tr>
<td>out.sdimacs</td>
<td>42800</td>
<td>244251</td>
<td>14549</td>
<td>14.2808</td>
<td>UNSAT</td>
</tr>
<tr>
<td>out_pre.sdimacs</td>
<td>7632</td>
<td>75998</td>
<td>11602</td>
<td>6.30155</td>
<td>UNSAT</td>
</tr>
